2026-09-22T13:53:26.925495+00:00 NeXa RAW DATA extraction started. Source: C:\Users\User\Desktop\belgeler\FinanceCustomsAnalyzer\data\finance_customs.db
2026-09-22T13:53:26.925518+00:00 Output folder: C:\Users\User\Desktop\belgeler\FinanceCustomsAnalyzer\data\raw\nexa\2026-09-22_13-53-26
2026-09-22T13:53:26.925524+00:00 Mode: READ-ONLY (sqlite3 uri mode=ro). No writes to source will be attempted.
2026-09-22T13:53:26.926107+00:00 Tables discovered (9): ['invoices', 'shipment_charges', 'customer_invoices', 'boxes', 'products', 'refunds', 'disputed_items', 'invoice_review', 'legacy_fedex_invoice_raw']
2026-09-22T13:53:26.926134+00:00 ======================================================================
2026-09-22T13:53:26.926139+00:00 STEP: SMALL SAMPLE TEST (first 20 rows per table)
2026-09-22T13:53:26.926143+00:00 ======================================================================
2026-09-22T13:53:26.926320+00:00 [SAMPLE] invoices: 20 row(s) fetched, 8 column(s) -> ['invoice_number', 'invoice_date', 'account_number', 'charge_type', 'source_file', 'company', 'due_date', 'invoice_amount']
2026-09-22T13:53:26.926360+00:00 [SAMPLE] invoices first row preview: {"invoice_number": "2-563-17564", "invoice_date": "Jun 01, 2026", "account_number": "2011-1467-7", "charge_type": "Duty", "source_file": "65145505_256317564.pdf", "company": "LOGIWIX", "due_date": "Jun 16, 2026", "invoice_amount": 1894.27}
2026-09-22T13:53:26.926537+00:00 [SAMPLE] shipment_charges: 20 row(s) fetched, 13 column(s) -> ['id', 'invoice_number', 'charge_type', 'tracking_id', 'shipment_no', 'ship_date', 'packages', 'amount', 'group_id', 'group_amount', 'rated_weight_lbs', 'customs_value_currency', 'customs_value_amount']
2026-09-22T13:53:26.926563+00:00 [SAMPLE] shipment_charges first row preview: {"id": 3064, "invoice_number": "2-563-17564", "charge_type": "Duty", "tracking_id": "871858376244", "shipment_no": null, "ship_date": "May 15, 2026", "packages": 1, "amount": 630.96, "group_id": null, "group_amount": null, "rated_weight_lbs": null, "customs_value_currency": null, "customs_value_amou
2026-09-22T13:53:26.926747+00:00 [SAMPLE] customer_invoices: 20 row(s) fetched, 13 column(s) -> ['id', 'invoice_no', 'customer', 'invoice_date', 'due_date', 'memo', 'item', 'tracking_id', 'item_rate', 'item_amount', 'currency', 'ship_via', 'shipping_date']
2026-09-22T13:53:26.926769+00:00 [SAMPLE] customer_invoices first row preview: {"id": 1, "invoice_no": "INV-7Z-0028", "customer": "ZELVESKY LLC", "invoice_date": "2026-07-09 00:00:00", "due_date": "2026-07-09 00:00:00", "memo": "Invoice #28 has been charged against the customer's deposit balance.", "item": "CA:Box Fee", "tracking_id": "383552877730", "item_rate": 0.0, "item_am
2026-09-22T13:53:26.926982+00:00 [SAMPLE] boxes: 20 row(s) fetched, 20 column(s) -> ['id', 'ship_date', 'company', 'customer_code', 'country', 'box_no', 'shipment_type', 'box_type_size', 'multi_no', 'tracking_id', 'customer_shipping_fee', 'customer_packaging_fee', 'customer_total_invoice', 'fedex_service_type', 'fedex_duty_invoice_no', 'fedex_duty_amount', 'fedex_shipping_invoice_no', 'fedex_shipping_amount', 'fedex_total_cost', 'profit_loss']
2026-09-22T13:53:26.927008+00:00 [SAMPLE] boxes first row preview: {"id": 1, "ship_date": "2026-01-02 00:00:00", "company": "ENRETAG", "customer_code": "Caucasian LLC", "country": "AU", "box_no": "570", "shipment_type": "Multi", "box_type_size": "568-1", "multi_no": "397368327342", "tracking_id": "397368327342", "customer_shipping_fee": 185.0, "customer_packaging_f
2026-09-22T13:53:26.927155+00:00 [SAMPLE] products: 20 row(s) fetched, 8 column(s) -> ['id', 'invoice_number', 'tracking_id', 'hs_code', 'description', 'quantity', 'country_of_origin', 'value_for_duty']
2026-09-22T13:53:26.927172+00:00 [SAMPLE] products first row preview: {"id": 44, "invoice_number": "2-564-04264", "tracking_id": "381139117665", "hs_code": "3307.49.00.00", "description": "Air Freshener for Home", "quantity": "1", "country_of_origin": "CN", "value_for_duty": null}
2026-09-22T13:53:26.927295+00:00 [SAMPLE] refunds: 0 row(s) fetched, 13 column(s) -> ['id', 'tracking_id', 'box_no', 'customer_code', 'refund_type', 'refund_amount', 'reason', 'related_invoice_no', 'refund_date', 'approved_by', 'status', 'notes', 'created_at']
2026-09-22T13:53:26.927439+00:00 [SAMPLE] disputed_items: 20 row(s) fetched, 8 column(s) -> ['id', 'invoice_no', 'tracking_id', 'amount', 'added_at', 'status', 'cancel_reason', 'cancelled_at']
2026-09-22T13:53:26.927455+00:00 [SAMPLE] disputed_items first row preview: {"id": 44, "invoice_no": "2-611-85840", "tracking_id": "383287878001", "amount": 39.3375, "added_at": "2026-09-17T23:15:35.353242+00:00", "status": null, "cancel_reason": null, "cancelled_at": null}
2026-09-22T13:53:26.927574+00:00 [SAMPLE] invoice_review: 20 row(s) fetched, 3 column(s) -> ['invoice_no', 'status', 'reviewed_at']
2026-09-22T13:53:26.927588+00:00 [SAMPLE] invoice_review first row preview: {"invoice_no": "2-614-84307", "status": "Approved", "reviewed_at": "2026-09-08T22:19:45.824983+00:00"}
2026-09-22T13:53:26.927797+00:00 [SAMPLE] legacy_fedex_invoice_raw: 20 row(s) fetched, 21 column(s) -> ['id', 'col1', 'col2', 'col3', 'col4', 'col5', 'col6', 'col7', 'col8', 'col9', 'col10', 'col11', 'col12', 'col13', 'col14', 'col15', 'col16', 'col17', 'col18', 'col19', 'col20']
2026-09-22T13:53:26.927819+00:00 [SAMPLE] legacy_fedex_invoice_raw first row preview: {"id": 1, "col1": "2-475-66941", "col2": "396529649141", "col3": "201114677", "col4": "20260101", "col5": "53.54", "col6": "International Ground", "col7": null, "col8": "Duty Tax", "col9": null, "col10": null, "col11": null, "col12": null, "col13": null, "col14": null, "col15": "4-943-32143", "col16
2026-09-22T13:53:26.927829+00:00 ======================================================================
2026-09-22T13:53:26.927834+00:00 STEP: FULL EXTRACTION (batched, 10000 rows/batch)
2026-09-22T13:53:26.927837+00:00 ======================================================================
2026-09-22T13:53:27.002940+00:00 [PROGRESS] invoices: 479/479 rows written
2026-09-22T13:53:27.022803+00:00 [DONE] invoices: source=479 extracted=479 errors=0 status=SUCCESS sha256=662ce0c59fe7...
2026-09-22T13:53:27.813982+00:00 [PROGRESS] shipment_charges: 10000/10031 rows written
2026-09-22T13:53:27.818346+00:00 [PROGRESS] shipment_charges: 10031/10031 rows written
2026-09-22T13:53:27.836096+00:00 [DONE] shipment_charges: source=10031 extracted=10031 errors=0 status=SUCCESS sha256=906fedb92e10...
2026-09-22T13:53:28.407799+00:00 [PROGRESS] customer_invoices: 10000/35059 rows written
2026-09-22T13:53:28.950845+00:00 [PROGRESS] customer_invoices: 20000/35059 rows written
2026-09-22T13:53:29.572321+00:00 [PROGRESS] customer_invoices: 30000/35059 rows written
2026-09-22T13:53:30.143957+00:00 [PROGRESS] customer_invoices: 35059/35059 rows written
2026-09-22T13:53:30.172661+00:00 [DONE] customer_invoices: source=35059 extracted=35059 errors=0 status=SUCCESS sha256=d7ec97828744...
2026-09-22T13:53:30.172680+00:00 [QUALITY WARNING] customer_invoices: pk_duplicates=0 pk_nulls=0 invalid_dates=4629 invalid_numerics=0
2026-09-22T13:53:30.609670+00:00 [PROGRESS] boxes: 9703/9703 rows written
2026-09-22T13:53:30.628483+00:00 [DONE] boxes: source=9703 extracted=9703 errors=0 status=SUCCESS sha256=04c4ebcf49a5...
2026-09-22T13:53:30.628502+00:00 [QUALITY WARNING] boxes: pk_duplicates=0 pk_nulls=0 invalid_dates=0 invalid_numerics=2342
2026-09-22T13:53:30.633576+00:00 [PROGRESS] products: 300/300 rows written
2026-09-22T13:53:30.646162+00:00 [DONE] products: source=300 extracted=300 errors=0 status=SUCCESS sha256=504378dee6b3...
2026-09-22T13:53:30.658390+00:00 [DONE] refunds: source=0 extracted=0 errors=0 status=SUCCESS sha256=f110bde1fede...
2026-09-22T13:53:30.925662+00:00 [PROGRESS] disputed_items: 1695/1695 rows written
2026-09-22T13:53:30.957334+00:00 [DONE] disputed_items: source=1695 extracted=1695 errors=0 status=SUCCESS sha256=748a54debced...
2026-09-22T13:53:31.666582+00:00 [PROGRESS] invoice_review: 7577/7577 rows written
2026-09-22T13:53:31.692354+00:00 [DONE] invoice_review: source=7577 extracted=7577 errors=0 status=SUCCESS sha256=90767d5ffcc5...
2026-09-22T13:53:31.692429+00:00 [QUALITY WARNING] invoice_review: pk_duplicates=0 pk_nulls=7575 invalid_dates=0 invalid_numerics=0
2026-09-22T13:53:31.979537+00:00 [PROGRESS] legacy_fedex_invoice_raw: 10000/11072 rows written
2026-09-22T13:53:32.011165+00:00 [PROGRESS] legacy_fedex_invoice_raw: 11072/11072 rows written
2026-09-22T13:53:32.028589+00:00 [DONE] legacy_fedex_invoice_raw: source=11072 extracted=11072 errors=0 status=SUCCESS sha256=6d1a63ebc57b...
2026-09-22T13:53:32.030140+00:00 Source connection closed. No writes were made to the source database at any point.
2026-09-22T13:53:32.031537+00:00 Manifest written: C:\Users\User\Desktop\belgeler\FinanceCustomsAnalyzer\data\raw\nexa\2026-09-22_13-53-26\_extraction_manifest.json
2026-09-22T13:53:32.031566+00:00 Overall status: SUCCESS